bmd_rebuild: 2008 bundle(s), jobs=32, fields=["service_name"], max_cardinality=1024, overwrite=true, verify=true
bmd_rebuild: done in 5.62s — written=2008 skipped=0 failed=0 bytes=794921048
	Command being timed: "/home/ec2-user/eprime/q1q9-fix/lkrn/target/release/bmd_rebuild --bundles-dir /data/q1q9-final-02c556db/bundles --field service_name --max-cardinality 1024 --jobs 32 --overwrite --verify"
	User time (seconds): 163.13
	System time (seconds): 2.13
	Percent of CPU this job got: 2938%
	Elapsed (wall clock) time (h:mm:ss or m:ss): 0:05.62
	Average shared text size (kbytes): 0
	Average unshared data size (kbytes): 0
	Average stack size (kbytes): 0
	Average total size (kbytes): 0
	Maximum resident set size (kbytes): 96828
	Average resident set size (kbytes): 0
	Major (requiring I/O) page faults: 0
	Minor (reclaiming a frame) page faults: 494254
	Voluntary context switches: 23440
	Involuntary context switches: 5817
	Swaps: 0
	File system inputs: 0
	File system outputs: 1560656
	Socket messages sent: 0
	Socket messages received: 0
	Signals delivered: 0
	Page size (bytes): 4096
	Exit status: 0
